exports[`<PhotoAlbum /> matches snapshot 1`] = `
<div>
  <h1>
    Photo Album
  </h1>
  <Thumbnails
    cols={3}
    photos={Array []}
    rows={3}
    total={9} />
</div>
`;
